============================= test session starts =============================
platform win32 -- Python 3.13.3, pytest-9.0.2, pluggy-1.6.0
rootdir: C:\Users\andre\Desktop\shard_v1
configfile: pytest.ini
testpaths: tests
plugins: anyio-4.9.0
collected 153 items / 2 errors

=================================== ERRORS ====================================
__________________ ERROR collecting tests/test_cad_agent.py ___________________
ImportError while importing test module 'C:\Users\andre\Desktop\shard_v1\tests\test_cad_agent.py'.
Hint: make sure your test modules/packages have valid Python names.
Traceback:
..\..\AppData\Local\Programs\Python\Python313\Lib\importlib\__init__.py:88: in import_module
    return _bootstrap._gcd_import(name[level:], package, level)
           ^^^^^^^^^^^^^^^^^^^^^^^^^^^^^^^^^^^^^^^^^^^^^^^^^^^^
tests\test_cad_agent.py:8: in <module>
    from cad_agent import CadAgent
backend\cad_agent.py:10: in <module>
    from backend.fail_tracker import FailTracker
backend\__init__.py:1: in <module>
    from . import shard as SHARD
backend\shard.py:298: in <module>
    from cad_agent import CadAgent
E   ImportError: cannot import name 'CadAgent' from partially initialized module 'cad_agent' (most likely due to a circular import) (C:\Users\andre\Desktop\shard_v1\backend\cad_agent.py)
------------------------------- Captured stdout -------------------------------
[DEBUG] Motori IA inizializzati correttamente!
[DEBUG] Motori IA inizializzati correttamente!
[DEBUG] Motori IA inizializzati correttamente!
__________________ ERROR collecting tests/test_web_agent.py ___________________
ImportError while importing test module 'C:\Users\andre\Desktop\shard_v1\tests\test_web_agent.py'.
Hint: make sure your test modules/packages have valid Python names.
Traceback:
..\..\AppData\Local\Programs\Python\Python313\Lib\importlib\__init__.py:88: in import_module
    return _bootstrap._gcd_import(name[level:], package, level)
           ^^^^^^^^^^^^^^^^^^^^^^^^^^^^^^^^^^^^^^^^^^^^^^^^^^^^
tests\test_web_agent.py:8: in <module>
    from web_agent import WebAgent
backend\web_agent.py:9: in <module>
    from backend.fail_tracker import FailTracker
backend\__init__.py:1: in <module>
    from . import shard as SHARD
backend\shard.py:299: in <module>
    from web_agent import WebAgent
E   ImportError: cannot import name 'WebAgent' from partially initialized module 'web_agent' (most likely due to a circular import) (C:\Users\andre\Desktop\shard_v1\tests\..\backend\web_agent.py)
------------------------------- Captured stdout -------------------------------
[DEBUG] Motori IA inizializzati correttamente!
============================== warnings summary ===============================
..\..\AppData\Local\Programs\Python\Python313\Lib\site-packages\_pytest\config\__init__.py:1428
  C:\Users\andre\AppData\Local\Programs\Python\Python313\Lib\site-packages\_pytest\config\__init__.py:1428: PytestConfigWarning: Unknown config option: asyncio_default_fixture_loop_scope
  
    self._warn_or_fail_if_strict(f"Unknown config option: {key}\n")

..\..\AppData\Local\Programs\Python\Python313\Lib\site-packages\_pytest\config\__init__.py:1428
  C:\Users\andre\AppData\Local\Programs\Python\Python313\Lib\site-packages\_pytest\config\__init__.py:1428: PytestConfigWarning: Unknown config option: asyncio_mode
  
    self._warn_or_fail_if_strict(f"Unknown config option: {key}\n")

..\..\AppData\Local\Programs\Python\Python313\Lib\site-packages\dateutil\tz\tz.py:37
  C:\Users\andre\AppData\Local\Programs\Python\Python313\Lib\site-packages\dateutil\tz\tz.py:37: DeprecationWarning: datetime.datetime.utcfromtimestamp() is deprecated and scheduled for removal in a future version. Use timezone-aware objects to represent datetimes in UTC: datetime.datetime.fromtimestamp(timestamp, datetime.UTC).
    EPOCH = datetime.datetime.utcfromtimestamp(0)

tests\test_failover.py:87
  C:\Users\andre\Desktop\shard_v1\tests\test_failover.py:87: PytestUnknownMarkWarning: Unknown pytest.mark.asyncio - is this a typo?  You can register custom marks to avoid this warning - for details, see https://docs.pytest.org/en/stable/how-to/mark.html
    @pytest.mark.asyncio

tests\test_failover.py:100
  C:\Users\andre\Desktop\shard_v1\tests\test_failover.py:100: PytestUnknownMarkWarning: Unknown pytest.mark.asyncio - is this a typo?  You can register custom marks to avoid this warning - for details, see https://docs.pytest.org/en/stable/how-to/mark.html
    @pytest.mark.asyncio

tests\test_failover.py:124
  C:\Users\andre\Desktop\shard_v1\tests\test_failover.py:124: PytestUnknownMarkWarning: Unknown pytest.mark.asyncio - is this a typo?  You can register custom marks to avoid this warning - for details, see https://docs.pytest.org/en/stable/how-to/mark.html
    @pytest.mark.asyncio

tests\test_failover.py:138
  C:\Users\andre\Desktop\shard_v1\tests\test_failover.py:138: PytestUnknownMarkWarning: Unknown pytest.mark.asyncio - is this a typo?  You can register custom marks to avoid this warning - for details, see https://docs.pytest.org/en/stable/how-to/mark.html
    @pytest.mark.asyncio

tests\test_failover.py:151
  C:\Users\andre\Desktop\shard_v1\tests\test_failover.py:151: PytestUnknownMarkWarning: Unknown pytest.mark.asyncio - is this a typo?  You can register custom marks to avoid this warning - for details, see https://docs.pytest.org/en/stable/how-to/mark.html
    @pytest.mark.asyncio

tests\test_failover.py:168
  C:\Users\andre\Desktop\shard_v1\tests\test_failover.py:168: PytestUnknownMarkWarning: Unknown pytest.mark.asyncio - is this a typo?  You can register custom marks to avoid this warning - for details, see https://docs.pytest.org/en/stable/how-to/mark.html
    @pytest.mark.asyncio

tests\test_failover.py:184
  C:\Users\andre\Desktop\shard_v1\tests\test_failover.py:184: PytestUnknownMarkWarning: Unknown pytest.mark.asyncio - is this a typo?  You can register custom marks to avoid this warning - for details, see https://docs.pytest.org/en/stable/how-to/mark.html
    @pytest.mark.asyncio

backend\kasa_agent.py:2
backend\kasa_agent.py:2
  C:\Users\andre\Desktop\shard_v1\tests\..\backend\kasa_agent.py:2: DeprecationWarning: SmartDevice is deprecated, use IotDevice from package kasa.iot instead or use Discover.discover_single() and Device.connect() to support new protocols
    from kasa import Discover, SmartDevice, SmartBulb, SmartPlug

backend\kasa_agent.py:2
backend\kasa_agent.py:2
  C:\Users\andre\Desktop\shard_v1\tests\..\backend\kasa_agent.py:2: DeprecationWarning: SmartBulb is deprecated, use IotBulb from package kasa.iot instead or use Discover.discover_single() and Device.connect() to support new protocols
    from kasa import Discover, SmartDevice, SmartBulb, SmartPlug

backend\kasa_agent.py:2
backend\kasa_agent.py:2
  C:\Users\andre\Desktop\shard_v1\tests\..\backend\kasa_agent.py:2: DeprecationWarning: SmartPlug is deprecated, use IotPlug from package kasa.iot instead or use Discover.discover_single() and Device.connect() to support new protocols
    from kasa import Discover, SmartDevice, SmartBulb, SmartPlug

tests\test_kasa_agent.py:30
  C:\Users\andre\Desktop\shard_v1\tests\test_kasa_agent.py:30: PytestUnknownMarkWarning: Unknown pytest.mark.asyncio - is this a typo?  You can register custom marks to avoid this warning - for details, see https://docs.pytest.org/en/stable/how-to/mark.html
    @pytest.mark.asyncio

tests\test_kasa_agent.py:41
  C:\Users\andre\Desktop\shard_v1\tests\test_kasa_agent.py:41: PytestUnknownMarkWarning: Unknown pytest.mark.asyncio - is this a typo?  You can register custom marks to avoid this warning - for details, see https://docs.pytest.org/en/stable/how-to/mark.html
    @pytest.mark.asyncio

tests\test_kasa_agent.py:65
  C:\Users\andre\Desktop\shard_v1\tests\test_kasa_agent.py:65: PytestUnknownMarkWarning: Unknown pytest.mark.asyncio - is this a typo?  You can register custom marks to avoid this warning - for details, see https://docs.pytest.org/en/stable/how-to/mark.html
    @pytest.mark.asyncio

tests\test_kasa_agent.py:83
  C:\Users\andre\Desktop\shard_v1\tests\test_kasa_agent.py:83: PytestUnknownMarkWarning: Unknown pytest.mark.asyncio - is this a typo?  You can register custom marks to avoid this warning - for details, see https://docs.pytest.org/en/stable/how-to/mark.html
    @pytest.mark.asyncio

tests\test_kasa_agent.py:104
  C:\Users\andre\Desktop\shard_v1\tests\test_kasa_agent.py:104: PytestUnknownMarkWarning: Unknown pytest.mark.asyncio - is this a typo?  You can register custom marks to avoid this warning - for details, see https://docs.pytest.org/en/stable/how-to/mark.html
    @pytest.mark.asyncio

tests\test_kasa_agent.py:125
  C:\Users\andre\Desktop\shard_v1\tests\test_kasa_agent.py:125: PytestUnknownMarkWarning: Unknown pytest.mark.asyncio - is this a typo?  You can register custom marks to avoid this warning - for details, see https://docs.pytest.org/en/stable/how-to/mark.html
    @pytest.mark.asyncio

tests\test_kasa_agent.py:145
  C:\Users\andre\Desktop\shard_v1\tests\test_kasa_agent.py:145: PytestUnknownMarkWarning: Unknown pytest.mark.asyncio - is this a typo?  You can register custom marks to avoid this warning - for details, see https://docs.pytest.org/en/stable/how-to/mark.html
    @pytest.mark.asyncio

tests\test_printer_agent.py:58
  C:\Users\andre\Desktop\shard_v1\tests\test_printer_agent.py:58: PytestUnknownMarkWarning: Unknown pytest.mark.asyncio - is this a typo?  You can register custom marks to avoid this warning - for details, see https://docs.pytest.org/en/stable/how-to/mark.html
    @pytest.mark.asyncio

tests\test_printer_agent.py:149
  C:\Users\andre\Desktop\shard_v1\tests\test_printer_agent.py:149: PytestUnknownMarkWarning: Unknown pytest.mark.asyncio - is this a typo?  You can register custom marks to avoid this warning - for details, see https://docs.pytest.org/en/stable/how-to/mark.html
    @pytest.mark.asyncio

tests\test_study_agent_evolution.py:91
  C:\Users\andre\Desktop\shard_v1\tests\test_study_agent_evolution.py:91: PytestUnknownMarkWarning: Unknown pytest.mark.asyncio - is this a typo?  You can register custom marks to avoid this warning - for details, see https://docs.pytest.org/en/stable/how-to/mark.html
    @pytest.mark.asyncio

tests\test_study_agent_evolution.py:107
  C:\Users\andre\Desktop\shard_v1\tests\test_study_agent_evolution.py:107: PytestUnknownMarkWarning: Unknown pytest.mark.asyncio - is this a typo?  You can register custom marks to avoid this warning - for details, see https://docs.pytest.org/en/stable/how-to/mark.html
    @pytest.mark.asyncio

tests\test_study_agent_evolution.py:127
  C:\Users\andre\Desktop\shard_v1\tests\test_study_agent_evolution.py:127: PytestUnknownMarkWarning: Unknown pytest.mark.asyncio - is this a typo?  You can register custom marks to avoid this warning - for details, see https://docs.pytest.org/en/stable/how-to/mark.html
    @pytest.mark.asyncio

tests\test_study_agent_evolution.py:136
  C:\Users\andre\Desktop\shard_v1\tests\test_study_agent_evolution.py:136: PytestUnknownMarkWarning: Unknown pytest.mark.asyncio - is this a typo?  You can register custom marks to avoid this warning - for details, see https://docs.pytest.org/en/stable/how-to/mark.html
    @pytest.mark.asyncio

tests\test_study_agent_evolution.py:153
  C:\Users\andre\Desktop\shard_v1\tests\test_study_agent_evolution.py:153: PytestUnknownMarkWarning: Unknown pytest.mark.asyncio - is this a typo?  You can register custom marks to avoid this warning - for details, see https://docs.pytest.org/en/stable/how-to/mark.html
    @pytest.mark.asyncio

tests\test_study_agent_evolution.py:172
  C:\Users\andre\Desktop\shard_v1\tests\test_study_agent_evolution.py:172: PytestUnknownMarkWarning: Unknown pytest.mark.asyncio - is this a typo?  You can register custom marks to avoid this warning - for details, see https://docs.pytest.org/en/stable/how-to/mark.html
    @pytest.mark.asyncio

tests\test_study_agent_evolution.py:181
  C:\Users\andre\Desktop\shard_v1\tests\test_study_agent_evolution.py:181: PytestUnknownMarkWarning: Unknown pytest.mark.asyncio - is this a typo?  You can register custom marks to avoid this warning - for details, see https://docs.pytest.org/en/stable/how-to/mark.html
    @pytest.mark.asyncio

tests\test_study_agent_evolution.py:202
  C:\Users\andre\Desktop\shard_v1\tests\test_study_agent_evolution.py:202: PytestUnknownMarkWarning: Unknown pytest.mark.asyncio - is this a typo?  You can register custom marks to avoid this warning - for details, see https://docs.pytest.org/en/stable/how-to/mark.html
    @pytest.mark.asyncio

tests\test_study_agent_evolution.py:210
  C:\Users\andre\Desktop\shard_v1\tests\test_study_agent_evolution.py:210: PytestUnknownMarkWarning: Unknown pytest.mark.asyncio - is this a typo?  You can register custom marks to avoid this warning - for details, see https://docs.pytest.org/en/stable/how-to/mark.html
    @pytest.mark.asyncio

tests\test_study_agent_evolution.py:217
  C:\Users\andre\Desktop\shard_v1\tests\test_study_agent_evolution.py:217: PytestUnknownMarkWarning: Unknown pytest.mark.asyncio - is this a typo?  You can register custom marks to avoid this warning - for details, see https://docs.pytest.org/en/stable/how-to/mark.html
    @pytest.mark.asyncio

-- Docs: https://docs.pytest.org/en/stable/how-to/capture-warnings.html
=========================== short test summary info ===========================
ERROR tests/test_cad_agent.py
ERROR tests/test_web_agent.py
!!!!!!!!!!!!!!!!!!! Interrupted: 2 errors during collection !!!!!!!!!!!!!!!!!!!
======================= 35 warnings, 2 errors in 11.24s =======================
